// Jest Snapshot v1, https://goo.gl/fbAQLP

exports[`SubmitContentForm Should render 1`] = `
Object {
  "asFragment": [Function],
  "baseElement": <body>
    <div>
      <form
        class="ant-form ant-form-vertical ant-form-large form"
        id="horizontal_login"
      >
        <div
          class="ant-row ant-form-item"
        >
          <div
            class="ant-col ant-form-item-label"
          >
            <label
              class="ant-form-item-required"
              for="horizontal_login_title"
              title="Title of post"
            >
              Title of post
            </label>
          </div>
          <div
            class="ant-col ant-form-item-control"
          >
            <div
              class="ant-form-item-control-input"
            >
              <div
                class="ant-form-item-control-input-content"
              >
                <input
                  class="ant-input ant-input-lg"
                  id="horizontal_login_title"
                  placeholder="Title"
                  type="text"
                  value=""
                />
              </div>
            </div>
          </div>
        </div>
        <div
          class="ant-row ant-form-item"
        >
          <div
            class="ant-col ant-form-item-label"
          >
            <label
              class=""
              for="horizontal_login_link"
              title="Link to content"
            >
              Link to content
            </label>
          </div>
          <div
            class="ant-col ant-form-item-control"
          >
            <div
              class="ant-form-item-control-input"
            >
              <div
                class="ant-form-item-control-input-content"
              >
                <input
                  class="ant-input ant-input-lg"
                  id="horizontal_login_link"
                  placeholder="Link"
                  type="text"
                  value=""
                />
              </div>
            </div>
          </div>
        </div>
        <button
          class="ant-btn ant-btn-link ant-btn-lg"
          type="button"
        >
          <span>
            Creating an event?
          </span>
        </button>
        <div
          class="ant-row ant-form-item"
        >
          <div
            class="ant-col ant-form-item-label"
          >
            <label
              class=""
              for="horizontal_login_whyShare"
              title="Why are you sharing this?"
            >
              Why are you sharing this?
            </label>
          </div>
          <div
            class="ant-col ant-form-item-control"
          >
            <div
              class="ant-form-item-control-input"
            >
              <div
                class="ant-form-item-control-input-content"
              >
                <textarea
                  class="ant-input ant-input-lg"
                  id="horizontal_login_whyShare"
                  placeholder="Why are you sharing this?"
                  rows="3"
                  style="font-size: 16px;"
                />
              </div>
            </div>
          </div>
        </div>
        <div
          class="ant-row ant-form-item ant-form-item-has-success"
        >
          <div
            class="ant-col ant-form-item-label"
          >
            <label
              class="ant-form-item-required"
              for="horizontal_login_circleIds"
              title="Where are you sharing this to?"
            >
              Where are you sharing this to?
            </label>
          </div>
          <div
            class="ant-col ant-form-item-control"
          >
            <div
              class="ant-form-item-control-input"
            >
              <div
                class="ant-form-item-control-input-content"
              >
                <div
                  class="ant-select ant-select-lg ant-select-multiple ant-select-show-arrow"
                >
                  <div
                    class="ant-select-selector"
                  >
                    <span
                      class="ant-select-selection-item"
                    >
                      <span
                        class="ant-select-selection-item-content"
                      >
                        The greatest circle
                      </span>
                      <span
                        aria-hidden="true"
                        class="ant-select-selection-item-remove"
                        style="user-select: none;"
                        unselectable="on"
                      >
                        <span
                          aria-label="close"
                          class="anticon anticon-close"
                          role="img"
                        >
                          <svg
                            aria-hidden="true"
                            data-icon="close"
                            fill="currentColor"
                            focusable="false"
                            height="1em"
                            viewBox="64 64 896 896"
                            width="1em"
                          >
                            <path
                              d="M563.8 512l262.5-312.9c4.4-5.2.7-13.1-6.1-13.1h-79.8c-4.7 0-9.2 2.1-12.3 5.7L511.6 449.8 295.1 191.7c-3-3.6-7.5-5.7-12.3-5.7H203c-6.8 0-10.5 7.9-6.1 13.1L459.4 512 196.9 824.9A7.95 7.95 0 00203 838h79.8c4.7 0 9.2-2.1 12.3-5.7l216.5-258.1 216.5 258.1c3 3.6 7.5 5.7 12.3 5.7h79.8c6.8 0 10.5-7.9 6.1-13.1L563.8 512z"
                            />
                          </svg>
                        </span>
                      </span>
                    </span>
                    <span
                      class="ant-select-selection-search"
                      style="width: 0px;"
                    >
                      <input
                        aria-activedescendant="horizontal_login_circleIds_list_0"
                        aria-autocomplete="list"
                        aria-controls="horizontal_login_circleIds_list"
                        aria-haspopup="listbox"
                        aria-owns="horizontal_login_circleIds_list"
                        autocomplete="off"
                        class="ant-select-selection-search-input"
                        id="horizontal_login_circleIds"
                        readonly=""
                        role="combobox"
                        style="opacity: 0;"
                        type="search"
                        unselectable="on"
                        value=""
                      />
                      <span
                        aria-hidden="true"
                        class="ant-select-selection-search-mirror"
                      >
                        
                        Â 
                      </span>
                    </span>
                  </div>
                  <span
                    aria-hidden="true"
                    class="ant-select-arrow"
                    style="user-select: none;"
                    unselectable="on"
                  >
                    <span
                      aria-label="down"
                      class="anticon anticon-down ant-select-suffix"
                      role="img"
                    >
                      <svg
                        aria-hidden="true"
                        data-icon="down"
                        fill="currentColor"
                        focusable="false"
                        height="1em"
                        viewBox="64 64 896 896"
                        width="1em"
                      >
                        <path
                          d="M884 256h-75c-5.1 0-9.9 2.5-12.9 6.6L512 654.2 227.9 262.6c-3-4.1-7.8-6.6-12.9-6.6h-75c-6.5 0-10.3 7.4-6.5 12.7l352.6 486.1c12.8 17.6 39 17.6 51.7 0l352.6-486.1c3.9-5.3.1-12.7-6.4-12.7z"
                        />
                      </svg>
                    </span>
                  </span>
                </div>
              </div>
            </div>
          </div>
        </div>
        <div
          class="ant-row ant-form-item ant-form-item-has-success"
        >
          <div
            class="ant-col ant-form-item-control"
          >
            <div
              class="ant-form-item-control-input"
            >
              <div
                class="ant-form-item-control-input-content"
              >
                <button
                  class="ant-btn ant-btn-primary ant-btn-lg ant-btn-block"
                  data-testid="submitButton"
                  disabled=""
                  type="submit"
                >
                  <span>
                    Submit
                  </span>
                </button>
              </div>
            </div>
          </div>
        </div>
      </form>
    </div>
  </body>,
  "container": <div>
    <form
      class="ant-form ant-form-vertical ant-form-large form"
      id="horizontal_login"
    >
      <div
        class="ant-row ant-form-item"
      >
        <div
          class="ant-col ant-form-item-label"
        >
          <label
            class="ant-form-item-required"
            for="horizontal_login_title"
            title="Title of post"
          >
            Title of post
          </label>
        </div>
        <div
          class="ant-col ant-form-item-control"
        >
          <div
            class="ant-form-item-control-input"
          >
            <div
              class="ant-form-item-control-input-content"
            >
              <input
                class="ant-input ant-input-lg"
                id="horizontal_login_title"
                placeholder="Title"
                type="text"
                value=""
              />
            </div>
          </div>
        </div>
      </div>
      <div
        class="ant-row ant-form-item"
      >
        <div
          class="ant-col ant-form-item-label"
        >
          <label
            class=""
            for="horizontal_login_link"
            title="Link to content"
          >
            Link to content
          </label>
        </div>
        <div
          class="ant-col ant-form-item-control"
        >
          <div
            class="ant-form-item-control-input"
          >
            <div
              class="ant-form-item-control-input-content"
            >
              <input
                class="ant-input ant-input-lg"
                id="horizontal_login_link"
                placeholder="Link"
                type="text"
                value=""
              />
            </div>
          </div>
        </div>
      </div>
      <button
        class="ant-btn ant-btn-link ant-btn-lg"
        type="button"
      >
        <span>
          Creating an event?
        </span>
      </button>
      <div
        class="ant-row ant-form-item"
      >
        <div
          class="ant-col ant-form-item-label"
        >
          <label
            class=""
            for="horizontal_login_whyShare"
            title="Why are you sharing this?"
          >
            Why are you sharing this?
          </label>
        </div>
        <div
          class="ant-col ant-form-item-control"
        >
          <div
            class="ant-form-item-control-input"
          >
            <div
              class="ant-form-item-control-input-content"
            >
              <textarea
                class="ant-input ant-input-lg"
                id="horizontal_login_whyShare"
                placeholder="Why are you sharing this?"
                rows="3"
                style="font-size: 16px;"
              />
            </div>
          </div>
        </div>
      </div>
      <div
        class="ant-row ant-form-item ant-form-item-has-success"
      >
        <div
          class="ant-col ant-form-item-label"
        >
          <label
            class="ant-form-item-required"
            for="horizontal_login_circleIds"
            title="Where are you sharing this to?"
          >
            Where are you sharing this to?
          </label>
        </div>
        <div
          class="ant-col ant-form-item-control"
        >
          <div
            class="ant-form-item-control-input"
          >
            <div
              class="ant-form-item-control-input-content"
            >
              <div
                class="ant-select ant-select-lg ant-select-multiple ant-select-show-arrow"
              >
                <div
                  class="ant-select-selector"
                >
                  <span
                    class="ant-select-selection-item"
                  >
                    <span
                      class="ant-select-selection-item-content"
                    >
                      The greatest circle
                    </span>
                    <span
                      aria-hidden="true"
                      class="ant-select-selection-item-remove"
                      style="user-select: none;"
                      unselectable="on"
                    >
                      <span
                        aria-label="close"
                        class="anticon anticon-close"
                        role="img"
                      >
                        <svg
                          aria-hidden="true"
                          data-icon="close"
                          fill="currentColor"
                          focusable="false"
                          height="1em"
                          viewBox="64 64 896 896"
                          width="1em"
                        >
                          <path
                            d="M563.8 512l262.5-312.9c4.4-5.2.7-13.1-6.1-13.1h-79.8c-4.7 0-9.2 2.1-12.3 5.7L511.6 449.8 295.1 191.7c-3-3.6-7.5-5.7-12.3-5.7H203c-6.8 0-10.5 7.9-6.1 13.1L459.4 512 196.9 824.9A7.95 7.95 0 00203 838h79.8c4.7 0 9.2-2.1 12.3-5.7l216.5-258.1 216.5 258.1c3 3.6 7.5 5.7 12.3 5.7h79.8c6.8 0 10.5-7.9 6.1-13.1L563.8 512z"
                          />
                        </svg>
                      </span>
                    </span>
                  </span>
                  <span
                    class="ant-select-selection-search"
                    style="width: 0px;"
                  >
                    <input
                      aria-activedescendant="horizontal_login_circleIds_list_0"
                      aria-autocomplete="list"
                      aria-controls="horizontal_login_circleIds_list"
                      aria-haspopup="listbox"
                      aria-owns="horizontal_login_circleIds_list"
                      autocomplete="off"
                      class="ant-select-selection-search-input"
                      id="horizontal_login_circleIds"
                      readonly=""
                      role="combobox"
                      style="opacity: 0;"
                      type="search"
                      unselectable="on"
                      value=""
                    />
                    <span
                      aria-hidden="true"
                      class="ant-select-selection-search-mirror"
                    >
                      
                      Â 
                    </span>
                  </span>
                </div>
                <span
                  aria-hidden="true"
                  class="ant-select-arrow"
                  style="user-select: none;"
                  unselectable="on"
                >
                  <span
                    aria-label="down"
                    class="anticon anticon-down ant-select-suffix"
                    role="img"
                  >
                    <svg
                      aria-hidden="true"
                      data-icon="down"
                      fill="currentColor"
                      focusable="false"
                      height="1em"
                      viewBox="64 64 896 896"
                      width="1em"
                    >
                      <path
                        d="M884 256h-75c-5.1 0-9.9 2.5-12.9 6.6L512 654.2 227.9 262.6c-3-4.1-7.8-6.6-12.9-6.6h-75c-6.5 0-10.3 7.4-6.5 12.7l352.6 486.1c12.8 17.6 39 17.6 51.7 0l352.6-486.1c3.9-5.3.1-12.7-6.4-12.7z"
                      />
                    </svg>
                  </span>
                </span>
              </div>
            </div>
          </div>
        </div>
      </div>
      <div
        class="ant-row ant-form-item ant-form-item-has-success"
      >
        <div
          class="ant-col ant-form-item-control"
        >
          <div
            class="ant-form-item-control-input"
          >
            <div
              class="ant-form-item-control-input-content"
            >
              <button
                class="ant-btn ant-btn-primary ant-btn-lg ant-btn-block"
                data-testid="submitButton"
                disabled=""
                type="submit"
              >
                <span>
                  Submit
                </span>
              </button>
            </div>
          </div>
        </div>
      </div>
    </form>
  </div>,
  "debug": [Function],
  "findAllByAltText": [Function],
  "findAllByDisplayValue": [Function],
  "findAllByLabelText": [Function],
  "findAllByPlaceholderText": [Function],
  "findAllByRole": [Function],
  "findAllByTestId": [Function],
  "findAllByText": [Function],
  "findAllByTitle": [Function],
  "findByAltText": [Function],
  "findByDisplayValue": [Function],
  "findByLabelText": [Function],
  "findByPlaceholderText": [Function],
  "findByRole": [Function],
  "findByTestId": [Function],
  "findByText": [Function],
  "findByTitle": [Function],
  "getAllByAltText": [Function],
  "getAllByDisplayValue": [Function],
  "getAllByLabelText": [Function],
  "getAllByPlaceholderText": [Function],
  "getAllByRole": [Function],
  "getAllByTestId": [Function],
  "getAllByText": [Function],
  "getAllByTitle": [Function],
  "getByAltText": [Function],
  "getByDisplayValue": [Function],
  "getByLabelText": [Function],
  "getByPlaceholderText": [Function],
  "getByRole": [Function],
  "getByTestId": [Function],
  "getByText": [Function],
  "getByTitle": [Function],
  "queryAllByAltText": [Function],
  "queryAllByDisplayValue": [Function],
  "queryAllByLabelText": [Function],
  "queryAllByPlaceholderText": [Function],
  "queryAllByRole": [Function],
  "queryAllByTestId": [Function],
  "queryAllByText": [Function],
  "queryAllByTitle": [Function],
  "queryByAltText": [Function],
  "queryByDisplayValue": [Function],
  "queryByLabelText": [Function],
  "queryByPlaceholderText": [Function],
  "queryByRole": [Function],
  "queryByTestId": [Function],
  "queryByText": [Function],
  "queryByTitle": [Function],
  "rerender": [Function],
  "unmount": [Function],
}
`;
