// Jest Snapshot v1, https://goo.gl/fbAQLP

exports[`StartACircle page Should render 1`] = `
Object {
  "asFragment": [Function],
  "baseElement": <body>
    <div>
      <form
        class="ant-form ant-form-vertical ant-form-hide-required-mark ant-form-large form"
        id="horizontal_login"
      >
        <div
          class="ant-row ant-form-item"
        >
          <div
            class="ant-col ant-form-item-label"
          >
            <label
              class="ant-form-item-required"
              for="horizontal_login_title"
              title="Title of post"
            >
              Title of post
            </label>
          </div>
          <div
            class="ant-col ant-form-item-control"
          >
            <div
              class="ant-form-item-control-input"
            >
              <div
                class="ant-form-item-control-input-content"
              >
                <input
                  class="ant-input ant-input-lg"
                  id="horizontal_login_title"
                  placeholder="Title"
                  type="text"
                  value=""
                />
              </div>
            </div>
          </div>
        </div>
        <div
          class="ant-row ant-form-item"
        >
          <div
            class="ant-col ant-form-item-label"
          >
            <label
              class=""
              for="horizontal_login_link"
              title="Link to content"
            >
              Link to content
            </label>
          </div>
          <div
            class="ant-col ant-form-item-control"
          >
            <div
              class="ant-form-item-control-input"
            >
              <div
                class="ant-form-item-control-input-content"
              >
                <input
                  class="ant-input ant-input-lg"
                  id="horizontal_login_link"
                  placeholder="Link"
                  type="text"
                  value=""
                />
              </div>
            </div>
          </div>
        </div>
        <div
          class="ant-row ant-form-item"
        >
          <div
            class="ant-col ant-form-item-label"
          >
            <label
              class=""
              for="horizontal_login_date"
              title="Event date"
            >
              Event date
            </label>
          </div>
          <div
            class="ant-col ant-form-item-control"
          >
            <div
              class="ant-form-item-control-input"
            >
              <div
                class="ant-form-item-control-input-content"
              >
                <input
                  class="ant-input ant-input-lg"
                  id="horizontal_login_date"
                  placeholder="Date"
                  type="text"
                  value=""
                />
              </div>
            </div>
          </div>
        </div>
        <div
          class="ant-row ant-form-item"
        >
          <div
            class="ant-col ant-form-item-label"
          >
            <label
              class=""
              for="horizontal_login_timezone"
              title="Timezone"
            >
              Timezone
            </label>
          </div>
          <div
            class="ant-col ant-form-item-control"
          >
            <div
              class="ant-form-item-control-input"
            >
              <div
                class="ant-form-item-control-input-content"
              >
                <input
                  class="ant-input ant-input-lg"
                  id="horizontal_login_timezone"
                  placeholder="Timezone"
                  type="text"
                  value=""
                />
              </div>
            </div>
          </div>
        </div>
        <div
          class="ant-row ant-form-item"
        >
          <div
            class="ant-col ant-form-item-label"
          >
            <label
              class=""
              for="horizontal_login_whyShare"
              title="Why are you sharing this?"
            >
              Why are you sharing this?
            </label>
          </div>
          <div
            class="ant-col ant-form-item-control"
          >
            <div
              class="ant-form-item-control-input"
            >
              <div
                class="ant-form-item-control-input-content"
              >
                <textarea
                  class="ant-input"
                  id="horizontal_login_whyShare"
                  placeholder="Why are you sharing this?"
                  rows="3"
                  style="font-size: 16px;"
                />
              </div>
            </div>
          </div>
        </div>
        <div
          class="ant-row ant-form-item"
        >
          <div
            class="ant-col ant-form-item-label"
          >
            <label
              class=""
              for="horizontal_login_cost"
              title="Event cost"
            >
              Event cost
            </label>
          </div>
          <div
            class="ant-col ant-form-item-control"
          >
            <div
              class="ant-form-item-control-input"
            >
              <div
                class="ant-form-item-control-input-content"
              >
                <input
                  class="ant-input ant-input-lg"
                  id="horizontal_login_cost"
                  placeholder="Cost"
                  type="text"
                  value="0"
                />
              </div>
            </div>
          </div>
        </div>
        <div
          class="ant-row ant-form-item"
        >
          <div
            class="ant-col ant-form-item-control"
          >
            <div
              class="ant-form-item-control-input"
            >
              <div
                class="ant-form-item-control-input-content"
              >
                <button
                  class="ant-btn ant-btn-primary ant-btn-lg ant-btn-block"
                  data-testid="submitButton"
                  disabled=""
                  type="submit"
                >
                  <span>
                    Submit
                  </span>
                </button>
              </div>
            </div>
          </div>
        </div>
      </form>
    </div>
  </body>,
  "container": <div>
    <form
      class="ant-form ant-form-vertical ant-form-hide-required-mark ant-form-large form"
      id="horizontal_login"
    >
      <div
        class="ant-row ant-form-item"
      >
        <div
          class="ant-col ant-form-item-label"
        >
          <label
            class="ant-form-item-required"
            for="horizontal_login_title"
            title="Title of post"
          >
            Title of post
          </label>
        </div>
        <div
          class="ant-col ant-form-item-control"
        >
          <div
            class="ant-form-item-control-input"
          >
            <div
              class="ant-form-item-control-input-content"
            >
              <input
                class="ant-input ant-input-lg"
                id="horizontal_login_title"
                placeholder="Title"
                type="text"
                value=""
              />
            </div>
          </div>
        </div>
      </div>
      <div
        class="ant-row ant-form-item"
      >
        <div
          class="ant-col ant-form-item-label"
        >
          <label
            class=""
            for="horizontal_login_link"
            title="Link to content"
          >
            Link to content
          </label>
        </div>
        <div
          class="ant-col ant-form-item-control"
        >
          <div
            class="ant-form-item-control-input"
          >
            <div
              class="ant-form-item-control-input-content"
            >
              <input
                class="ant-input ant-input-lg"
                id="horizontal_login_link"
                placeholder="Link"
                type="text"
                value=""
              />
            </div>
          </div>
        </div>
      </div>
      <div
        class="ant-row ant-form-item"
      >
        <div
          class="ant-col ant-form-item-label"
        >
          <label
            class=""
            for="horizontal_login_date"
            title="Event date"
          >
            Event date
          </label>
        </div>
        <div
          class="ant-col ant-form-item-control"
        >
          <div
            class="ant-form-item-control-input"
          >
            <div
              class="ant-form-item-control-input-content"
            >
              <input
                class="ant-input ant-input-lg"
                id="horizontal_login_date"
                placeholder="Date"
                type="text"
                value=""
              />
            </div>
          </div>
        </div>
      </div>
      <div
        class="ant-row ant-form-item"
      >
        <div
          class="ant-col ant-form-item-label"
        >
          <label
            class=""
            for="horizontal_login_timezone"
            title="Timezone"
          >
            Timezone
          </label>
        </div>
        <div
          class="ant-col ant-form-item-control"
        >
          <div
            class="ant-form-item-control-input"
          >
            <div
              class="ant-form-item-control-input-content"
            >
              <input
                class="ant-input ant-input-lg"
                id="horizontal_login_timezone"
                placeholder="Timezone"
                type="text"
                value=""
              />
            </div>
          </div>
        </div>
      </div>
      <div
        class="ant-row ant-form-item"
      >
        <div
          class="ant-col ant-form-item-label"
        >
          <label
            class=""
            for="horizontal_login_whyShare"
            title="Why are you sharing this?"
          >
            Why are you sharing this?
          </label>
        </div>
        <div
          class="ant-col ant-form-item-control"
        >
          <div
            class="ant-form-item-control-input"
          >
            <div
              class="ant-form-item-control-input-content"
            >
              <textarea
                class="ant-input"
                id="horizontal_login_whyShare"
                placeholder="Why are you sharing this?"
                rows="3"
                style="font-size: 16px;"
              />
            </div>
          </div>
        </div>
      </div>
      <div
        class="ant-row ant-form-item"
      >
        <div
          class="ant-col ant-form-item-label"
        >
          <label
            class=""
            for="horizontal_login_cost"
            title="Event cost"
          >
            Event cost
          </label>
        </div>
        <div
          class="ant-col ant-form-item-control"
        >
          <div
            class="ant-form-item-control-input"
          >
            <div
              class="ant-form-item-control-input-content"
            >
              <input
                class="ant-input ant-input-lg"
                id="horizontal_login_cost"
                placeholder="Cost"
                type="text"
                value="0"
              />
            </div>
          </div>
        </div>
      </div>
      <div
        class="ant-row ant-form-item"
      >
        <div
          class="ant-col ant-form-item-control"
        >
          <div
            class="ant-form-item-control-input"
          >
            <div
              class="ant-form-item-control-input-content"
            >
              <button
                class="ant-btn ant-btn-primary ant-btn-lg ant-btn-block"
                data-testid="submitButton"
                disabled=""
                type="submit"
              >
                <span>
                  Submit
                </span>
              </button>
            </div>
          </div>
        </div>
      </div>
    </form>
  </div>,
  "debug": [Function],
  "findAllByAltText": [Function],
  "findAllByDisplayValue": [Function],
  "findAllByLabelText": [Function],
  "findAllByPlaceholderText": [Function],
  "findAllByRole": [Function],
  "findAllByTestId": [Function],
  "findAllByText": [Function],
  "findAllByTitle": [Function],
  "findByAltText": [Function],
  "findByDisplayValue": [Function],
  "findByLabelText": [Function],
  "findByPlaceholderText": [Function],
  "findByRole": [Function],
  "findByTestId": [Function],
  "findByText": [Function],
  "findByTitle": [Function],
  "getAllByAltText": [Function],
  "getAllByDisplayValue": [Function],
  "getAllByLabelText": [Function],
  "getAllByPlaceholderText": [Function],
  "getAllByRole": [Function],
  "getAllByTestId": [Function],
  "getAllByText": [Function],
  "getAllByTitle": [Function],
  "getByAltText": [Function],
  "getByDisplayValue": [Function],
  "getByLabelText": [Function],
  "getByPlaceholderText": [Function],
  "getByRole": [Function],
  "getByTestId": [Function],
  "getByText": [Function],
  "getByTitle": [Function],
  "queryAllByAltText": [Function],
  "queryAllByDisplayValue": [Function],
  "queryAllByLabelText": [Function],
  "queryAllByPlaceholderText": [Function],
  "queryAllByRole": [Function],
  "queryAllByTestId": [Function],
  "queryAllByText": [Function],
  "queryAllByTitle": [Function],
  "queryByAltText": [Function],
  "queryByDisplayValue": [Function],
  "queryByLabelText": [Function],
  "queryByPlaceholderText": [Function],
  "queryByRole": [Function],
  "queryByTestId": [Function],
  "queryByText": [Function],
  "queryByTitle": [Function],
  "rerender": [Function],
  "unmount": [Function],
}
`;
