// Jest Snapshot v1, https://goo.gl/fbAQLP

exports[`Login should render 1`] = `
<div>
  <form
    class="ant-form ant-form-vertical form"
    id="horizontal_login"
  >
    <div
      class="ant-row ant-form-item"
    >
      <div
        class="ant-col ant-form-item-label"
      >
        <label
          class="ant-form-item-required"
          for="horizontal_login_email"
          title="Email Address"
        >
          Email Address
        </label>
      </div>
      <div
        class="ant-col ant-form-item-control"
      >
        <div
          class="ant-form-item-control-input"
        >
          <div
            class="ant-form-item-control-input-content"
          >
            <span
              class="ant-input-affix-wrapper"
            >
              <span
                class="ant-input-prefix"
              >
                <span
                  aria-label="mail"
                  class="anticon anticon-mail site-form-item-icon"
                  role="img"
                >
                  <svg
                    aria-hidden="true"
                    class=""
                    data-icon="mail"
                    fill="currentColor"
                    focusable="false"
                    height="1em"
                    viewBox="64 64 896 896"
                    width="1em"
                  >
                    <path
                      d="M928 160H96c-17.7 0-32 14.3-32 32v640c0 17.7 14.3 32 32 32h832c17.7 0 32-14.3 32-32V192c0-17.7-14.3-32-32-32zm-40 110.8V792H136V270.8l-27.6-21.5 39.3-50.5 42.8 33.3h643.1l42.8-33.3 39.3 50.5-27.7 21.5zM833.6 232L512 482 190.4 232l-42.8-33.3-39.3 50.5 27.6 21.5 341.6 265.6a55.99 55.99 0 0068.7 0L888 270.8l27.6-21.5-39.3-50.5-42.7 33.2z"
                    />
                  </svg>
                </span>
              </span>
              <input
                autocomplete="email"
                class="ant-input"
                id="horizontal_login_email"
                placeholder="joedoe@gmail.com"
                type="email"
                value=""
              />
            </span>
          </div>
        </div>
      </div>
    </div>
    <div
      class="ant-row ant-form-item"
    >
      <div
        class="ant-col ant-form-item-label"
      >
        <label
          class="ant-form-item-required"
          for="horizontal_login_password"
          title="Password"
        >
          Password
        </label>
      </div>
      <div
        class="ant-col ant-form-item-control"
      >
        <div
          class="ant-form-item-control-input"
        >
          <div
            class="ant-form-item-control-input-content"
          >
            <span
              class="ant-input-affix-wrapper"
            >
              <span
                class="ant-input-prefix"
              >
                <span
                  aria-label="lock"
                  class="anticon anticon-lock site-form-item-icon"
                  role="img"
                >
                  <svg
                    aria-hidden="true"
                    class=""
                    data-icon="lock"
                    fill="currentColor"
                    focusable="false"
                    height="1em"
                    viewBox="64 64 896 896"
                    width="1em"
                  >
                    <path
                      d="M832 464h-68V240c0-70.7-57.3-128-128-128H388c-70.7 0-128 57.3-128 128v224h-68c-17.7 0-32 14.3-32 32v384c0 17.7 14.3 32 32 32h640c17.7 0 32-14.3 32-32V496c0-17.7-14.3-32-32-32zM332 240c0-30.9 25.1-56 56-56h248c30.9 0 56 25.1 56 56v224H332V240zm460 600H232V536h560v304zM484 701v53c0 4.4 3.6 8 8 8h40c4.4 0 8-3.6 8-8v-53a48.01 48.01 0 10-56 0z"
                    />
                  </svg>
                </span>
              </span>
              <input
                autocomplete="current-password"
                class="ant-input"
                id="horizontal_login_password"
                placeholder="Password"
                type="password"
                value=""
              />
            </span>
          </div>
        </div>
      </div>
    </div>
    <div
      class="ant-row ant-form-item"
    >
      <div
        class="ant-col ant-form-item-control"
      >
        <div
          class="ant-form-item-control-input"
        >
          <div
            class="ant-form-item-control-input-content"
          >
            <button
              class="ant-btn ant-btn-primary ant-btn-lg ant-btn-block"
              disabled=""
              type="submit"
            >
              <span>
                Log in
              </span>
            </button>
          </div>
        </div>
      </div>
    </div>
  </form>
</div>
`;
