// Jest Snapshot v1, https://goo.gl/fbAQLP

exports[`It should pass passes 1`] = `
<div
  className="Header"
>
  HEADER
</div>
`;
