// Jest Snapshot v1, https://goo.gl/fbAQLP

exports[`UpdateAccountForm Should exist 1`] = `
Object {
  "asFragment": [Function],
  "baseElement": <body>
    <div>
      <div>
        <form
          class="ant-form ant-form-vertical ant-form-large"
          id="horizontal_login"
        >
          <div
            class="ant-row ant-form-item"
          >
            <div
              class="ant-col ant-form-item-label"
            >
              <label
                class="ant-form-item-required"
                for="horizontal_login_firstName"
                title="First Name"
              >
                First Name
              </label>
            </div>
            <div
              class="ant-col ant-form-item-control"
            >
              <div
                class="ant-form-item-control-input"
              >
                <div
                  class="ant-form-item-control-input-content"
                >
                  <input
                    class="ant-input ant-input-lg"
                    id="horizontal_login_firstName"
                    placeholder="First name"
                    type="text"
                    value="Bill"
                  />
                </div>
              </div>
            </div>
          </div>
          <div
            class="ant-row ant-form-item"
          >
            <div
              class="ant-col ant-form-item-label"
            >
              <label
                class="ant-form-item-required"
                for="horizontal_login_lastName"
                title="Last Name"
              >
                Last Name
              </label>
            </div>
            <div
              class="ant-col ant-form-item-control"
            >
              <div
                class="ant-form-item-control-input"
              >
                <div
                  class="ant-form-item-control-input-content"
                >
                  <input
                    class="ant-input ant-input-lg"
                    id="horizontal_login_lastName"
                    placeholder="Last name"
                    type="text"
                    value="Nye"
                  />
                </div>
              </div>
            </div>
          </div>
          <div
            class="ant-row ant-form-item"
          >
            <div
              class="ant-col ant-form-item-label"
            >
              <label
                class=""
                for="horizontal_login_timezone"
                title="Timezone"
              >
                Timezone
              </label>
            </div>
            <div
              class="ant-col ant-form-item-control"
            >
              <div
                class="ant-form-item-control-input"
              >
                <div
                  class="ant-form-item-control-input-content"
                >
                  <div
                    class="ant-select ant-select-lg ant-select-single ant-select-show-arrow ant-select-show-search"
                    style="width: 200px;"
                  >
                    <div
                      class="ant-select-selector"
                    >
                      <span
                        class="ant-select-selection-search"
                      >
                        <input
                          aria-activedescendant="horizontal_login_timezone_list_0"
                          aria-autocomplete="list"
                          aria-controls="horizontal_login_timezone_list"
                          aria-haspopup="listbox"
                          aria-owns="horizontal_login_timezone_list"
                          autocomplete="off"
                          class="ant-select-selection-search-input"
                          id="horizontal_login_timezone"
                          role="combobox"
                          type="search"
                          value=""
                        />
                      </span>
                      <span
                        class="ant-select-selection-item"
                        title="UTC"
                      >
                        UTC
                      </span>
                    </div>
                    <span
                      aria-hidden="true"
                      class="ant-select-arrow"
                      style="user-select: none;"
                      unselectable="on"
                    >
                      <span
                        aria-label="down"
                        class="anticon anticon-down ant-select-suffix"
                        role="img"
                      >
                        <svg
                          aria-hidden="true"
                          data-icon="down"
                          fill="currentColor"
                          focusable="false"
                          height="1em"
                          viewBox="64 64 896 896"
                          width="1em"
                        >
                          <path
                            d="M884 256h-75c-5.1 0-9.9 2.5-12.9 6.6L512 654.2 227.9 262.6c-3-4.1-7.8-6.6-12.9-6.6h-75c-6.5 0-10.3 7.4-6.5 12.7l352.6 486.1c12.8 17.6 39 17.6 51.7 0l352.6-486.1c3.9-5.3.1-12.7-6.4-12.7z"
                          />
                        </svg>
                      </span>
                    </span>
                  </div>
                </div>
              </div>
            </div>
          </div>
          <div
            class="ant-row ant-form-item"
          >
            <div
              class="ant-col ant-form-item-control"
            >
              <div
                class="ant-form-item-control-input"
              >
                <div
                  class="ant-form-item-control-input-content"
                >
                  <button
                    class="ant-btn ant-btn-primary ant-btn-lg ant-btn-block"
                    data-testid="submitButton"
                    type="submit"
                  >
                    <span>
                      Update
                    </span>
                  </button>
                </div>
              </div>
            </div>
          </div>
        </form>
      </div>
    </div>
  </body>,
  "container": <div>
    <div>
      <form
        class="ant-form ant-form-vertical ant-form-large"
        id="horizontal_login"
      >
        <div
          class="ant-row ant-form-item"
        >
          <div
            class="ant-col ant-form-item-label"
          >
            <label
              class="ant-form-item-required"
              for="horizontal_login_firstName"
              title="First Name"
            >
              First Name
            </label>
          </div>
          <div
            class="ant-col ant-form-item-control"
          >
            <div
              class="ant-form-item-control-input"
            >
              <div
                class="ant-form-item-control-input-content"
              >
                <input
                  class="ant-input ant-input-lg"
                  id="horizontal_login_firstName"
                  placeholder="First name"
                  type="text"
                  value="Bill"
                />
              </div>
            </div>
          </div>
        </div>
        <div
          class="ant-row ant-form-item"
        >
          <div
            class="ant-col ant-form-item-label"
          >
            <label
              class="ant-form-item-required"
              for="horizontal_login_lastName"
              title="Last Name"
            >
              Last Name
            </label>
          </div>
          <div
            class="ant-col ant-form-item-control"
          >
            <div
              class="ant-form-item-control-input"
            >
              <div
                class="ant-form-item-control-input-content"
              >
                <input
                  class="ant-input ant-input-lg"
                  id="horizontal_login_lastName"
                  placeholder="Last name"
                  type="text"
                  value="Nye"
                />
              </div>
            </div>
          </div>
        </div>
        <div
          class="ant-row ant-form-item"
        >
          <div
            class="ant-col ant-form-item-label"
          >
            <label
              class=""
              for="horizontal_login_timezone"
              title="Timezone"
            >
              Timezone
            </label>
          </div>
          <div
            class="ant-col ant-form-item-control"
          >
            <div
              class="ant-form-item-control-input"
            >
              <div
                class="ant-form-item-control-input-content"
              >
                <div
                  class="ant-select ant-select-lg ant-select-single ant-select-show-arrow ant-select-show-search"
                  style="width: 200px;"
                >
                  <div
                    class="ant-select-selector"
                  >
                    <span
                      class="ant-select-selection-search"
                    >
                      <input
                        aria-activedescendant="horizontal_login_timezone_list_0"
                        aria-autocomplete="list"
                        aria-controls="horizontal_login_timezone_list"
                        aria-haspopup="listbox"
                        aria-owns="horizontal_login_timezone_list"
                        autocomplete="off"
                        class="ant-select-selection-search-input"
                        id="horizontal_login_timezone"
                        role="combobox"
                        type="search"
                        value=""
                      />
                    </span>
                    <span
                      class="ant-select-selection-item"
                      title="UTC"
                    >
                      UTC
                    </span>
                  </div>
                  <span
                    aria-hidden="true"
                    class="ant-select-arrow"
                    style="user-select: none;"
                    unselectable="on"
                  >
                    <span
                      aria-label="down"
                      class="anticon anticon-down ant-select-suffix"
                      role="img"
                    >
                      <svg
                        aria-hidden="true"
                        data-icon="down"
                        fill="currentColor"
                        focusable="false"
                        height="1em"
                        viewBox="64 64 896 896"
                        width="1em"
                      >
                        <path
                          d="M884 256h-75c-5.1 0-9.9 2.5-12.9 6.6L512 654.2 227.9 262.6c-3-4.1-7.8-6.6-12.9-6.6h-75c-6.5 0-10.3 7.4-6.5 12.7l352.6 486.1c12.8 17.6 39 17.6 51.7 0l352.6-486.1c3.9-5.3.1-12.7-6.4-12.7z"
                        />
                      </svg>
                    </span>
                  </span>
                </div>
              </div>
            </div>
          </div>
        </div>
        <div
          class="ant-row ant-form-item"
        >
          <div
            class="ant-col ant-form-item-control"
          >
            <div
              class="ant-form-item-control-input"
            >
              <div
                class="ant-form-item-control-input-content"
              >
                <button
                  class="ant-btn ant-btn-primary ant-btn-lg ant-btn-block"
                  data-testid="submitButton"
                  type="submit"
                >
                  <span>
                    Update
                  </span>
                </button>
              </div>
            </div>
          </div>
        </div>
      </form>
    </div>
  </div>,
  "debug": [Function],
  "findAllByAltText": [Function],
  "findAllByDisplayValue": [Function],
  "findAllByLabelText": [Function],
  "findAllByPlaceholderText": [Function],
  "findAllByRole": [Function],
  "findAllByTestId": [Function],
  "findAllByText": [Function],
  "findAllByTitle": [Function],
  "findByAltText": [Function],
  "findByDisplayValue": [Function],
  "findByLabelText": [Function],
  "findByPlaceholderText": [Function],
  "findByRole": [Function],
  "findByTestId": [Function],
  "findByText": [Function],
  "findByTitle": [Function],
  "getAllByAltText": [Function],
  "getAllByDisplayValue": [Function],
  "getAllByLabelText": [Function],
  "getAllByPlaceholderText": [Function],
  "getAllByRole": [Function],
  "getAllByTestId": [Function],
  "getAllByText": [Function],
  "getAllByTitle": [Function],
  "getByAltText": [Function],
  "getByDisplayValue": [Function],
  "getByLabelText": [Function],
  "getByPlaceholderText": [Function],
  "getByRole": [Function],
  "getByTestId": [Function],
  "getByText": [Function],
  "getByTitle": [Function],
  "queryAllByAltText": [Function],
  "queryAllByDisplayValue": [Function],
  "queryAllByLabelText": [Function],
  "queryAllByPlaceholderText": [Function],
  "queryAllByRole": [Function],
  "queryAllByTestId": [Function],
  "queryAllByText": [Function],
  "queryAllByTitle": [Function],
  "queryByAltText": [Function],
  "queryByDisplayValue": [Function],
  "queryByLabelText": [Function],
  "queryByPlaceholderText": [Function],
  "queryByRole": [Function],
  "queryByTestId": [Function],
  "queryByText": [Function],
  "queryByTitle": [Function],
  "rerender": [Function],
  "unmount": [Function],
}
`;
