// Jest Snapshot v1, https://goo.gl/fbAQLP

exports[`ForgotPassword should render 1`] = `
<div>
  <form
    class="ant-form ant-form-vertical ant-form-hide-required-mark ant-form-large form"
    id="horizontal_login"
  >
    <div
      class="ant-row ant-form-item"
    >
      <div
        class="ant-col ant-form-item-label"
      >
        <label
          class="ant-form-item-required"
          for="horizontal_login_email"
          title="Email Address"
        >
          Email Address
        </label>
      </div>
      <div
        class="ant-col ant-form-item-control"
      >
        <div
          class="ant-form-item-control-input"
        >
          <div
            class="ant-form-item-control-input-content"
          >
            <span
              class="ant-input-affix-wrapper ant-input-affix-wrapper-lg"
            >
              <span
                class="ant-input-prefix"
              >
                <span
                  aria-label="mail"
                  class="anticon anticon-mail site-form-item-icon"
                  role="img"
                >
                  <svg
                    aria-hidden="true"
                    class=""
                    data-icon="mail"
                    fill="currentColor"
                    focusable="false"
                    height="1em"
                    viewBox="64 64 896 896"
                    width="1em"
                  >
                    <path
                      d="M928 160H96c-17.7 0-32 14.3-32 32v640c0 17.7 14.3 32 32 32h832c17.7 0 32-14.3 32-32V192c0-17.7-14.3-32-32-32zm-40 110.8V792H136V270.8l-27.6-21.5 39.3-50.5 42.8 33.3h643.1l42.8-33.3 39.3 50.5-27.7 21.5zM833.6 232L512 482 190.4 232l-42.8-33.3-39.3 50.5 27.6 21.5 341.6 265.6a55.99 55.99 0 0068.7 0L888 270.8l27.6-21.5-39.3-50.5-42.7 33.2z"
                    />
                  </svg>
                </span>
              </span>
              <input
                autocomplete="email"
                class="ant-input ant-input-lg"
                id="horizontal_login_email"
                placeholder="joedoe@gmail.com"
                type="email"
                value=""
              />
            </span>
          </div>
        </div>
      </div>
    </div>
    <div
      class="ant-row ant-form-item"
    >
      <div
        class="ant-col ant-form-item-control"
      >
        <div
          class="ant-form-item-control-input"
        >
          <div
            class="ant-form-item-control-input-content"
          >
            <button
              class="ant-btn ant-btn-primary ant-btn-lg ant-btn-block"
              data-testid="submitButton"
              disabled=""
              type="submit"
            >
              <span>
                Submit
              </span>
            </button>
          </div>
        </div>
      </div>
    </div>
  </form>
</div>
`;
