// Jest Snapshot v1, https://goo.gl/fbAQLP

exports[`CopyCircleInviteToClipboard Should render 1`] = `
Object {
  "asFragment": [Function],
  "baseElement": <body>
    <div>
      <span
        class="ant-input-group-wrapper ant-input-group-wrapper-sm"
      >
        <span
          class="ant-input-wrapper ant-input-group"
        >
          <span
            class="ant-input-group-addon"
          >
            <button
              class="ant-btn ant-btn-default ant-btn-sm ant-btn-block"
              type="button"
            >
              <span
                aria-label="copy"
                class="anticon anticon-copy"
                role="img"
              >
                <svg
                  aria-hidden="true"
                  class=""
                  data-icon="copy"
                  fill="currentColor"
                  focusable="false"
                  height="1em"
                  viewBox="64 64 896 896"
                  width="1em"
                >
                  <path
                    d="M832 64H296c-4.4 0-8 3.6-8 8v56c0 4.4 3.6 8 8 8h496v688c0 4.4 3.6 8 8 8h56c4.4 0 8-3.6 8-8V96c0-17.7-14.3-32-32-32zM704 192H192c-17.7 0-32 14.3-32 32v530.7c0 8.5 3.4 16.6 9.4 22.6l173.3 173.3c2.2 2.2 4.7 4 7.4 5.5v1.9h4.2c3.5 1.3 7.2 2 11 2H704c17.7 0 32-14.3 32-32V224c0-17.7-14.3-32-32-32zM350 856.2L263.9 770H350v86.2zM664 888H414V746c0-22.1-17.9-40-40-40H232V264h432v624z"
                  />
                </svg>
              </span>
              <span>
                Invite
              </span>
            </button>
          </span>
          <input
            class="ant-input ant-input-sm"
            readonly=""
            type="text"
            value="https://beta.circulate.social/circles/asdf-123?join=true"
          />
        </span>
      </span>
    </div>
  </body>,
  "container": <div>
    <span
      class="ant-input-group-wrapper ant-input-group-wrapper-sm"
    >
      <span
        class="ant-input-wrapper ant-input-group"
      >
        <span
          class="ant-input-group-addon"
        >
          <button
            class="ant-btn ant-btn-default ant-btn-sm ant-btn-block"
            type="button"
          >
            <span
              aria-label="copy"
              class="anticon anticon-copy"
              role="img"
            >
              <svg
                aria-hidden="true"
                class=""
                data-icon="copy"
                fill="currentColor"
                focusable="false"
                height="1em"
                viewBox="64 64 896 896"
                width="1em"
              >
                <path
                  d="M832 64H296c-4.4 0-8 3.6-8 8v56c0 4.4 3.6 8 8 8h496v688c0 4.4 3.6 8 8 8h56c4.4 0 8-3.6 8-8V96c0-17.7-14.3-32-32-32zM704 192H192c-17.7 0-32 14.3-32 32v530.7c0 8.5 3.4 16.6 9.4 22.6l173.3 173.3c2.2 2.2 4.7 4 7.4 5.5v1.9h4.2c3.5 1.3 7.2 2 11 2H704c17.7 0 32-14.3 32-32V224c0-17.7-14.3-32-32-32zM350 856.2L263.9 770H350v86.2zM664 888H414V746c0-22.1-17.9-40-40-40H232V264h432v624z"
                />
              </svg>
            </span>
            <span>
              Invite
            </span>
          </button>
        </span>
        <input
          class="ant-input ant-input-sm"
          readonly=""
          type="text"
          value="https://beta.circulate.social/circles/asdf-123?join=true"
        />
      </span>
    </span>
  </div>,
  "debug": [Function],
  "findAllByAltText": [Function],
  "findAllByDisplayValue": [Function],
  "findAllByLabelText": [Function],
  "findAllByPlaceholderText": [Function],
  "findAllByRole": [Function],
  "findAllByTestId": [Function],
  "findAllByText": [Function],
  "findAllByTitle": [Function],
  "findByAltText": [Function],
  "findByDisplayValue": [Function],
  "findByLabelText": [Function],
  "findByPlaceholderText": [Function],
  "findByRole": [Function],
  "findByTestId": [Function],
  "findByText": [Function],
  "findByTitle": [Function],
  "getAllByAltText": [Function],
  "getAllByDisplayValue": [Function],
  "getAllByLabelText": [Function],
  "getAllByPlaceholderText": [Function],
  "getAllByRole": [Function],
  "getAllByTestId": [Function],
  "getAllByText": [Function],
  "getAllByTitle": [Function],
  "getByAltText": [Function],
  "getByDisplayValue": [Function],
  "getByLabelText": [Function],
  "getByPlaceholderText": [Function],
  "getByRole": [Function],
  "getByTestId": [Function],
  "getByText": [Function],
  "getByTitle": [Function],
  "queryAllByAltText": [Function],
  "queryAllByDisplayValue": [Function],
  "queryAllByLabelText": [Function],
  "queryAllByPlaceholderText": [Function],
  "queryAllByRole": [Function],
  "queryAllByTestId": [Function],
  "queryAllByText": [Function],
  "queryAllByTitle": [Function],
  "queryByAltText": [Function],
  "queryByDisplayValue": [Function],
  "queryByLabelText": [Function],
  "queryByPlaceholderText": [Function],
  "queryByRole": [Function],
  "queryByTestId": [Function],
  "queryByText": [Function],
  "queryByTitle": [Function],
  "rerender": [Function],
  "unmount": [Function],
}
`;
